// Jest Snapshot v1, https://goo.gl/fbAQLP

exports[`Login should render without failing 1`] = `
Array [
  <div
    className="login-title"
  >
    <a
      href="/login"
    >
      <h1>
        Welcome to SendIt
      </h1>
    </a>
  </div>,
  <div
    className="form-login"
  >
    <form
      onSubmit={[Function]}
    >
      <div
        className="form-group center-form"
      >
        <label
          for="emailInput"
        >
          Username
        </label>
        <input
          aria-describedby="emailHelp"
          className="form-control"
          id="emailInput"
          name="username"
          onChange={[Function]}
          placeholder="Enter username"
          type="text"
        />
        <div
          className="password-input"
        >
          <label
            for="passwordInput"
          >
            Password
          </label>
          <input
            className="form-control"
            id="passwordInput"
            name="password"
            onChange={[Function]}
            placeholder="Password..."
            type="password"
          />
        </div>
      </div>
      <div
        class="signup-login"
      >
        <span>
          <text>
            Not a member, 
          </text>
          <a
            href="/signup"
          >
            Signup
          </a>
        </span>
      </div>
      <button
        className="btn btn-primary login-btn"
        id="loginButton"
        type="submit"
      >
        Login
      </button>
    </form>
  </div>,
]
`;
