// Jest Snapshot v1, https://goo.gl/fbAQLP

exports[`NavBar should render without failing 1`] = `
<nav
  className="navbar navbar-dark bg-dark"
>
  <a
    className="navbar-brand"
    href="/dashboard"
  >
    Home
  </a>
  <a
    className="navbar-brand"
    href="/login"
    onClick={[Function]}
  >
    Logout
  </a>
</nav>
`;
